awergh
fhm
sdfghnm
oijhg
Found: wreb
Key not found!
Found: wedfg
Key not found!
2:awergh 10:zdfb 6:zsrh 25:fhm 18:SRH 12:wreb 
8:sdfghnm 11:werg 27:mkiuyt 14:cvbnhj 17:werthjk 38:oijhg 29:wedfg 
2:awergh 10:zdfb 6:zsrh 11:werg 14:cvbnhj 12:wreb 8:sdfghnm 25:fhm 27:mkiuyt 18:SRH 17:werthjk 38:oijhg 29:wedfg 

Runtime: 208us
