Extracted: -99
Extracted: -99
Extracted: -64
Extracted: -64
Extracted: -56
Extracted: -56
Extracted: -39
Extracted: -39
Extracted: -26
Extracted: -26
Extracted: -23
Extracted: -23
Extracted: -22
Extracted: -22
Extracted: -17
Extracted: -17
Extracted: -11
Extracted: -11
Extracted: -10
Extracted: -10
Extracted: -9
Extracted: -9
Extracted: -7
Extracted: -7
Extracted: -5
Extracted: -5
Extracted: -4
Extracted: -4
Extracted: -1
Extracted: -1
Extracted: 0
Extracted: 0
Extracted: 1
Extracted: 1
Extracted: 2
Extracted: 2
Extracted: 4
Extracted: 4
Extracted: 6
Extracted: 6
Extracted: 7
Extracted: 7
Extracted: 8
Extracted: 8
Extracted: 10
Extracted: 10
Extracted: 11
Extracted: 11
Extracted: 11
Extracted: 11
Extracted: 12
Extracted: 12
Extracted: 13
Extracted: 13
Extracted: 14
Extracted: 14
Extracted: 14
Extracted: 14
Extracted: 15
Extracted: 15
Extracted: 16
Extracted: 16
Extracted: 16
Extracted: 16
Extracted: 17
Extracted: 17
Extracted: 18
Extracted: 18
Extracted: 19
Extracted: 19
Extracted: 21
Extracted: 21
Extracted: 23
Extracted: 23
Extracted: 25
Extracted: 25
Extracted: 25
Extracted: 25
Extracted: 26
Extracted: 26
Extracted: 27
Extracted: 27
Extracted: 29
Extracted: 29
Extracted: 33
Extracted: 33
Extracted: 38
Extracted: 38
Extracted: 39
Extracted: 39
Extracted: 44
Extracted: 44
Extracted: 48
Extracted: 48
Extracted: 55
Extracted: 55
Extracted: 56
Extracted: 56
Extracted: 64
Extracted: 64
Extracted: 66
Extracted: 66
Extracted: 67
Extracted: 67
Extracted: 77
Extracted: 77
Extracted: 78
Extracted: 78
Extracted: 88
Extracted: 88
Runtime: 720us
