kytdfkuf
kytdfkuf
kytdfkuf
kytdfkuf
kytdfkuf
kytdfkuf
kytdfkuf
kytdfkuf
kytdfkuf
kytdfkuf
kytdfkuf
kytdfkuf
kytdfkuf
kytdfkuf
kytdfkuf
kytdfkuf
kytdfkuf
kytdfkuf
kytdfkuf
kytdfkuf
kytdfkuf
kytdfkuf
kytdfkuf
kytdfkuf
kytdfkuf
kytdfkuf
kytdfkuf
kytdfkuf
kytdfkuf
kytdfkuf
kytdfkuf
kytdfkuf
kytdfkuf
kytdfkuf
kytdfkuf
kytdfkuf
kytdfkuf
kytdfkuf
kytdfkuf
kytdfkuf
kytdfkuf
kytdfkuf
kytdfkuf
kytdfkuf
kytdfkuf
kytdfkuf
kytdfkuf
kytdfkuf
kytdfkuf
kytdfkuf
kytdfkuf
kytdfkuf
kytdfkuf
kytdfkuf
kytdfkuf
kytdfkuf
kytdfkuf
kytdfkuf
kytdfkuf
kytdfkuf
kytdfkuf
kytdfkuf
kytdfkuf
kytdfkuf
kytdfkuf
kytdfkuf
kytdfkuf
kytdfkuf
kytdfkuf
kytdfkuf
kytdfkuf
kytdfkuf
kytdfkuf
kytdfkuf
kytdfkuf
kytdfkuf
kytdfkuf
kytdfkuf
kytdfkuf
kytdfkuf
kytdfkuf
kytdfkuf
kytdfkuf
kytdfkuf
kytdfkuf
kytdfkuf
kytdfkuf
kytdfkuf
kytdfkuf
kytdfkuf
kytdfkuf
kytdfkuf
kytdfkuf
kytdfkuf
kytdfkuf
kytdfkuf
kytdfkuf
kytdfkuf
kytdfkuf
kytdfkuf
Runtime: 461us
