rfkuf
rfkuf
rfkuf
rfkuf
rfkuf
rfkuf
rfkuf
rfkuf
rfkuf
rfkuf
rfkuf
rfkuf
rfkuf
rfkuf
rfkuf
rfkuf
rfkuf
rfkuf
rfkuf
rfkuf
rfkuf
rfkuf
rfkuf
rfkuf
rfkuf
rfkuf
rfkuf
rfkuf
rfkuf
rfkuf
rfkuf
rfkuf
rfkuf
rfkuf
rfkuf
rfkuf
rfkuf
rfkuf
rfkuf
rfkuf
rfkuf
rfkuf
rfkuf
rfkuf
rfkuf
rfkuf
rfkuf
rfkuf
rfkuf
rfkuf
rfkuf
rfkuf
rfkuf
rfkuf
rfkuf
rfkuf
rfkuf
rfkuf
rfkuf
rfkuf
rfkuf
rfkuf
rfkuf
rfkuf
rfkuf
rfkuf
rfkuf
rfkuf
rfkuf
rfkuf
rfkuf
rfkuf
rfkuf
rfkuf
rfkuf
rfkuf
rfkuf
rfkuf
rfkuf
rfkuf
rfkuf
rfkuf
rfkuf
rfkuf
rfkuf
rfkuf
rfkuf
rfkuf
rfkuf
rfkuf
rfkuf
rfkuf
rfkuf
rfkuf
rfkuf
rfkuf
rfkuf
rfkuf
rfkuf
rfkuf
Runtime: 460us
