awergh
fhm
sdfghnm
oijhg
Found: wreb
Key not found!
Found: wedfg
Key not found!
6:zsrh: 18:SRH:6 2:awergh: 12:wreb:2 25:fhm:12 10:zdfb:2 
27:mkiuyt: 17:werthjk: 38:oijhg:17 8:sdfghnm: 11:werg:8 29:wedfg:11 14:cvbnhj:8 
27:mkiuyt: 6:zsrh: 17:werthjk:6 38:oijhg:17 18:SRH:6 2:awergh: 8:sdfghnm:2 11:werg:8 29:wedfg:11 14:cvbnhj:8 12:wreb:2 25:fhm:12 10:zdfb:2 

Runtime: 196us
