awergh
oijhg
Found: werthjk
2:awergh 10:zdfb 6:zsrh 14:cvbnhj 11:werg 12:wreb 8:sdfghnm 25:fhm 29:wedfg 18:SRH 17:werthjk 38:oijhg 27:mkiuyt 
Extracted: 2
6:zsrh 10:zdfb 8:sdfghnm 14:cvbnhj 11:werg 12:wreb 27:mkiuyt 25:fhm 29:wedfg 18:SRH 17:werthjk 38:oijhg 
6:zsrh 10:zdfb 8:sdfghnm 14:cvbnhj 17:werthjk 12:wreb 27:mkiuyt 25:fhm 29:wedfg 18:SRH 38:oijhg 
Runtime: 388us
